A51 MACRO ASSEMBLER  MAIN                                                                 04/06/2016 20:51:39 PAGE     1


MACRO ASSEMBLER A51 V8.02b
OBJECT MODULE PLACED IN main.OBJ
ASSEMBLER INVOKED BY: C:\Keil\C51\BIN\A51.EXE main.s SET(SMALL) DEBUG EP

LOC  OBJ            LINE     SOURCE

                       1     
                       2     PROG SEGMENT CODE
                       3     
                       4     ;Reset vector(0x0000) to MAIN
----                   5     CSEG AT 0
0000 020000   F        6             JMP MAIN
----                   7     CSEG AT 3
0003 020000   F        8             JMP DUMMY
                       9     
                      10     ;select a generic segment: PROG
----                  11     RSEG  PROG
0000                  12     DUMMY:
0000 80FE             13         JMP DUMMY
0002                  14     MAIN:
0002 04               15         INC A
0003 04               16         INC A
                      17     
                      18     END
A51 MACRO ASSEMBLER  MAIN                                                                 04/06/2016 20:51:39 PAGE     2

SYMBOL TABLE LISTING
------ ----- -------


N A M E             T Y P E  V A L U E   ATTRIBUTES

DUMMY. . . . . . .  C ADDR   0000H   R   SEG=PROG
MAIN . . . . . . .  C ADDR   0002H   R   SEG=PROG
PROG . . . . . . .  C SEG    0004H       REL=UNIT


REGISTER BANK(S) USED: 0 


ASSEMBLY COMPLETE.  0 WARNING(S), 0 ERROR(S)
