BL51 BANKED LINKER/LOCATER V6.22                                                        04/06/2016  20:43:54  PAGE 1


BL51 BANKED LINKER/LOCATER V6.22, INVOKED BY:
C:\KEIL\C51\BIN\BL51.EXE main.obj TO test RAMSIZE (256)


INPUT MODULES INCLUDED:
  main.obj (MAIN)


LINK MAP OF MODULE:  test (MAIN)


            TYPE    BASE      LENGTH    RELOCATION   SEGMENT NAME
            -----------------------------------------------------

            * * * * * * *   D A T A   M E M O R Y   * * * * * * *
            REG     0000H     0008H     ABSOLUTE     "REG BANK 0"

            * * * * * * *   C O D E   M E M O R Y   * * * * * * *
            CODE    0000H     0003H     ABSOLUTE     
            CODE    0003H     0003H     ABSOLUTE     
            CODE    0006H     0004H     UNIT         PROG



SYMBOL TABLE OF MODULE:  test (MAIN)

  VALUE           TYPE          NAME
  ----------------------------------

  -------         MODULE        MAIN
  C:0006H         SEGMENT       PROG
  C:0006H         SYMBOL        DUMMY
  C:0008H         SYMBOL        MAIN
  C:0000H         LINE#         5
  C:0003H         LINE#         7
  C:0006H         LINE#         11
  C:0008H         LINE#         13
  C:0009H         LINE#         14
  -------         ENDMOD        MAIN

Program Size: data=8.0 xdata=0 code=10
LINK/LOCATE RUN COMPLETE.  0 WARNING(S),  0 ERROR(S)
